[backblue.gif]
[fade.gif]
[index.html]
[www.ecatsbridge.com/images/maindesign/Title.gif]
[www.bing.com/siteowner/s/siteowner/Logo_51x19_Dark.png]
[pagead2.googlesyndication.com/pagead/js/f.txt]
[www.ecatsbridge.com/Documents/files/WBFInformation/Constitution/WBFConstitution2010.pdf]
[www.ecatsbridge.com/Documents/files/WBFInformation/Constitution/WBFBy-Laws2010.pdf]
[www.ecatsbridge.com/Documents/files/WBFInformation/policies-regulations/WBFCodeofPractice.pdf]
[www.ecatsbridge.com/Documents/files/WBFInformation/policies-regulations/WBFSystemsPolicy.pdf]
[www.ecatsbridge.com/Documents/files/WBFInformation/policies-regulations/EBLSystemsPolicy.pdf]
[www.ecatsbridge.com/Documents/files/WBFInformation/policies-regulations/WBFAlertingPolicy.pdf]
[www.ecatsbridge.com/Documents/files/WBFInformation/policies-regulations/PsychicBiddingGuidelines.pdf]
[www.ecatsbridge.com/images/folder_open.gif]
[www.ecatsbridge.com/documents/files/2017Laws/PDF/Laws/Cover Letter 2.pdf]
[www.ecatsbridge.com/documents/files/2017Laws/PDF/Laws/Definitions.pdf]
[www.ecatsbridge.com/documents/files/2017Laws/PDF/Laws/First Cover Letter.pdf]
[www.ecatsbridge.com/documents/files/2017Laws/PDF/Laws/Index.pdf]
[www.ecatsbridge.com/documents/files/2017Laws/PDF/Laws/Introduction.pdf]
[www.ecatsbridge.com/documents/files/2017Laws/PDF/Laws/Law 1.pdf]
[www.ecatsbridge.com/documents/files/2017Laws/PDF/Laws/Law 10.pdf]
[www.ecatsbridge.com/documents/files/2017Laws/PDF/Laws/Law 11.pdf]
[www.ecatsbridge.com/documents/files/2017Laws/PDF/Laws/Law 12.pdf]
[www.ecatsbridge.com/documents/files/2017Laws/PDF/Laws/Law 13.pdf]
[www.ecatsbridge.com/documents/files/2017Laws/PDF/Laws/Law 14.pdf]
[www.ecatsbridge.com/documents/files/2017Laws/PDF/Laws/Law 15.pdf]
[www.ecatsbridge.com/documents/files/2017Laws/PDF/Laws/Law 16.pdf]
[www.ecatsbridge.com/documents/files/2017Laws/PDF/Laws/Law 17.pdf]
[www.ecatsbridge.com/documents/files/2017Laws/PDF/Laws/Law 18.pdf]
[www.ecatsbridge.com/documents/files/2017Laws/PDF/Laws/Law 19.pdf]
[www.ecatsbridge.com/documents/files/2017Laws/PDF/Laws/Law 2.pdf]
[www.ecatsbridge.com/documents/files/2017Laws/PDF/Laws/Law 20.pdf]
[www.ecatsbridge.com/documents/files/2017Laws/PDF/Laws/Law 21.pdf]
[www.ecatsbridge.com/documents/files/2017Laws/PDF/Laws/Law 22.pdf]
[www.ecatsbridge.com/documents/files/2017Laws/PDF/Laws/Law 23.pdf]
[www.ecatsbridge.com/documents/files/2017Laws/PDF/Laws/Law 24.pdf]
[www.ecatsbridge.com/documents/files/2017Laws/PDF/Laws/Law 25.pdf]
[www.ecatsbridge.com/documents/files/2017Laws/PDF/Laws/Law 26.pdf]
[www.ecatsbridge.com/documents/files/2017Laws/PDF/Laws/Law 27.pdf]
[www.ecatsbridge.com/documents/files/2017Laws/PDF/Laws/Law 28.pdf]
[www.ecatsbridge.com/documents/files/2017Laws/PDF/Laws/Law 29.pdf]
[www.ecatsbridge.com/documents/files/2017Laws/PDF/Laws/Law 3.pdf]
[www.ecatsbridge.com/documents/files/2017Laws/PDF/Laws/Law 30.pdf]
[www.ecatsbridge.com/documents/files/2017Laws/PDF/Laws/Law 31.pdf]
[www.ecatsbridge.com/documents/files/2017Laws/PDF/Laws/Law 32.pdf]
[www.ecatsbridge.com/documents/files/2017Laws/PDF/Laws/Law 33.pdf]
[www.ecatsbridge.com/documents/files/2017Laws/PDF/Laws/Law 34.pdf]
[www.ecatsbridge.com/documents/files/2017Laws/PDF/Laws/Law 35.pdf]
[www.ecatsbridge.com/documents/files/2017Laws/PDF/Laws/Law 36.pdf]
[www.ecatsbridge.com/documents/files/2017Laws/PDF/Laws/Law 37.pdf]
[www.ecatsbridge.com/documents/files/2017Laws/PDF/Laws/Law 38.pdf]
[www.ecatsbridge.com/documents/files/2017Laws/PDF/Laws/Law 39.pdf]
[www.ecatsbridge.com/documents/files/2017Laws/PDF/Laws/Law 4.pdf]
[www.ecatsbridge.com/documents/files/2017Laws/PDF/Laws/Law 40.pdf]
[www.ecatsbridge.com/documents/files/2017Laws/PDF/Laws/Law 41.pdf]
[www.ecatsbridge.com/documents/files/2017Laws/PDF/Laws/Law 42.pdf]
[www.ecatsbridge.com/documents/files/2017Laws/PDF/Laws/Law 43.pdf]
[www.ecatsbridge.com/documents/files/2017Laws/PDF/Laws/Law 44.pdf]
[www.ecatsbridge.com/documents/files/2017Laws/PDF/Laws/Law 45.pdf]
[www.ecatsbridge.com/documents/files/2017Laws/PDF/Laws/Law 46.pdf]
[www.ecatsbridge.com/documents/files/2017Laws/PDF/Laws/Law 47.pdf]
[www.ecatsbridge.com/documents/files/2017Laws/PDF/Laws/Law 48.pdf]
[www.ecatsbridge.com/documents/files/2017Laws/PDF/Laws/Law 49.pdf]
[www.ecatsbridge.com/documents/files/2017Laws/PDF/Laws/Law 5.pdf]
[www.ecatsbridge.com/documents/files/2017Laws/PDF/Laws/Law 50.pdf]
[www.ecatsbridge.com/documents/files/2017Laws/PDF/Laws/Law 51.pdf]
[www.ecatsbridge.com/documents/files/2017Laws/PDF/Laws/Law 52.pdf]
[www.ecatsbridge.com/documents/files/2017Laws/PDF/Laws/Law 53.pdf]
[www.ecatsbridge.com/documents/files/2017Laws/PDF/Laws/Law 54.pdf]
[www.ecatsbridge.com/documents/files/2017Laws/PDF/Laws/Law 55.pdf]
[www.ecatsbridge.com/documents/files/2017Laws/PDF/Laws/Law 56.pdf]
[www.ecatsbridge.com/documents/files/2017Laws/PDF/Laws/Law 57.pdf]
[www.ecatsbridge.com/documents/files/2017Laws/PDF/Laws/Law 58.pdf]
[www.ecatsbridge.com/documents/files/2017Laws/PDF/Laws/Law 59.pdf]
[www.ecatsbridge.com/documents/files/2017Laws/PDF/Laws/Law 6.pdf]
[www.ecatsbridge.com/documents/files/2017Laws/PDF/Laws/Law 60.pdf]
[www.ecatsbridge.com/documents/files/2017Laws/PDF/Laws/Law 61.pdf]
[www.ecatsbridge.com/documents/files/2017Laws/PDF/Laws/Law 62.pdf]
[www.ecatsbridge.com/documents/files/2017Laws/PDF/Laws/Law 63.pdf]
[www.ecatsbridge.com/documents/files/2017Laws/PDF/Laws/Law 64.pdf]
[www.ecatsbridge.com/documents/files/2017Laws/PDF/Laws/Law 65.pdf]
[www.ecatsbridge.com/documents/files/2017Laws/PDF/Laws/Law 66.pdf]
[www.ecatsbridge.com/documents/files/2017Laws/PDF/Laws/Law 67.pdf]
[www.ecatsbridge.com/documents/files/2017Laws/PDF/Laws/Law 68.pdf]
[www.ecatsbridge.com/documents/files/2017Laws/PDF/Laws/Law 69.pdf]
[www.ecatsbridge.com/documents/files/2017Laws/PDF/Laws/Law 7.pdf]
[www.ecatsbridge.com/documents/files/2017Laws/PDF/Laws/Law 70.pdf]
[www.ecatsbridge.com/documents/files/2017Laws/PDF/Laws/Law 71.pdf]
[www.ecatsbridge.com/documents/files/2017Laws/PDF/Laws/Law 72.pdf]
[www.ecatsbridge.com/documents/files/2017Laws/PDF/Laws/Law 73.pdf]
[www.ecatsbridge.com/documents/files/2017Laws/PDF/Laws/Law 74.pdf]
[www.ecatsbridge.com/documents/files/2017Laws/PDF/Laws/Law 75.pdf]
[www.ecatsbridge.com/documents/files/2017Laws/PDF/Laws/Law 76.pdf]
[www.ecatsbridge.com/documents/files/2017Laws/PDF/Laws/Law 77.pdf]
[www.ecatsbridge.com/documents/files/2017Laws/PDF/Laws/Law 78.pdf]
[www.ecatsbridge.com/documents/files/2017Laws/PDF/Laws/Law 79.pdf]
[www.ecatsbridge.com/documents/files/2017Laws/PDF/Laws/Law 8.pdf]
[www.ecatsbridge.com/documents/files/2017Laws/PDF/Laws/Law 80.pdf]
[www.ecatsbridge.com/documents/files/2017Laws/PDF/Laws/Law 81.pdf]
[www.ecatsbridge.com/documents/files/2017Laws/PDF/Laws/Law 82.pdf]
[www.ecatsbridge.com/documents/files/2017Laws/PDF/Laws/Law 83.pdf]
[www.ecatsbridge.com/documents/files/2017Laws/PDF/Laws/Law 84.pdf]
[www.ecatsbridge.com/documents/files/2017Laws/PDF/Laws/Law 85.pdf]
[www.ecatsbridge.com/documents/files/2017Laws/PDF/Laws/Law 86.pdf]
[www.ecatsbridge.com/documents/files/2017Laws/PDF/Laws/Law 87.pdf]
[www.ecatsbridge.com/documents/files/2017Laws/PDF/Laws/Law 88.pdf]
[www.ecatsbridge.com/documents/files/2017Laws/PDF/Laws/Law 89.pdf]
[www.ecatsbridge.com/documents/files/2017Laws/PDF/Laws/Law 9.pdf]
[www.ecatsbridge.com/documents/files/2017Laws/PDF/Laws/Law 90.pdf]
[www.ecatsbridge.com/documents/files/2017Laws/PDF/Laws/Law 91.pdf]
[www.ecatsbridge.com/documents/files/2017Laws/PDF/Laws/Law 92.pdf]
[www.ecatsbridge.com/documents/files/2017Laws/PDF/Laws/Law 93.pdf]
[www.ecatsbridge.com/documents/files/2017Laws/PDF/Laws/Preface.pdf]
[www.ecatsbridge.com/documents/docdefault4a6e.html]
[www.ecatsbridge.com/css/EcatsBridgeNew.css]
[www.ecatsbridge.com/documents/default.html]
[www.ecatsbridge.com/Documents/wbfinfo/2008congress/default.html]
[www.ecatsbridge.com/Documents/laws_appeals/default.html]
[www.ecatsbridge.com/Documents/wbfinfo/systemsinfo/default.html]
[www.ecatsbridge.com/Documents/wbfinfo/antidoping/default.html]
[www.ecatsbridge.com/Documents/files/WBFInformation/Reports_Minutes/WBFCommittees2010.html]
[www.ecatsbridge.com/documents/docdefaultee46.html]
[www.ecatsbridge.com/Documents/wbfinfo/WBFlawscommitte/default.html]
[www.ecatsbridge.com/Documents/wbfinfo/wbn/default.html]
[www.ecatsbridge.com/Documents/wbfinfo/systemsinfo/conventioncards.html]
[www.ecatsbridge.com/Documents/wbfinfo/zones.html]
[www.ecatsbridge.com/documents/docdefault.html]
